{
    "eventID": "f33f76a1c323cd5c40ba06d06c9f84f7",
    "eventName": "MODIFY",
    "eventVersion": "1.1",
    "eventSource": "aws:dynamodb",
    "awsRegion": "us-east-1",
    "dynamodb": {
        "ApproximateCreationDateTime": 1687310394.0,
        "Keys": {
            "assetId": {
                "S": "x68c65799-7312-4476-882b-411a609ba670"
            },
            "databaseId": {
                "S": "asdf"
            }
        },
        "NewImage": {
            "Boolean Example": {
                "S": "true"
            },
            "Example String Name": {
                "S": "example string value"
            },
            "Example Number": {
                "N": "123"
            },
            "assetId": {
                "S": "x68c65799-7312-4476-882b-411a609ba670"
            },
            "Business Line": {
                "S": "Musical Instruments"
            },
            "Site ID": {
                "S": "6"
            },
            "Date Example": {
                "S": "2023-06-28"
            },
            "location": {
                "S": "{\"loc\":[\"-91.2091897\",\"30.5611007\"],\"zoom\":\"14\",\"polygons\":{\"type\":\"FeatureCollection\",\"features\":[{\"id\":\"a5d440f5cb30db2b50ade518bac047e2\",\"type\":\"Feature\",\"properties\":{},\"geometry\":{\"coordinates\":[[[-91.2056920994444,30.565357807147976],[-91.2141893376036,30.562992834836322],[-91.21676425825763,30.559814812515683],[-91.21440391432446,30.55663668610957],[-91.2024734486266,30.559593086143792],[-91.2056920994444,30.565357807147976]]],\"type\":\"Polygon\"}}]}}"
            },
            "databaseId": {
                "S": "asdf"
            },
            "assetName": "epic story",
            "description": "a long time ago"
        },
        "SequenceNumber": "551972600000000009030779036",
        "SizeBytes": 926,
        "StreamViewType": "NEW_IMAGE"
    },
    "eventSourceARN": "arn:aws:dynamodb:us-east-1:1234123123:table/vams-dev-us-east-1-MetadataStorageTable.../stream/2023-06-21T01:08:09.109"
}
